// Jest Snapshot v1, https://goo.gl/fbAQLP

exports[`Icons 1`] = `<Text />`;
