// Jest Snapshot v1, https://goo.gl/fbAQLP

exports[`Button 1`] = `
<View
  accessible={true}
  collapsable={false}
  focusable={true}
  onBlur={[Function]}
  onClick={[Function]}
  onFocus={[Function]}
  onResponderGrant={[Function]}
  onResponderMove={[Function]}
  onResponderRelease={[Function]}
  onResponderTerminate={[Function]}
  onResponderTerminationRequest={[Function]}
  onStartShouldSetResponder={[Function]}
  style={
    Object {
      "backgroundColor": "white",
      "borderRadius": 8,
      "padding": 8,
      "position": "absolute",
      "right": 12,
      "top": 15,
    }
  }
>
  <Text />
</View>
`;
